


*** RESULTS OF CROP GROWTH MODEL LINTUL6 for rotations *** SUMMARY OF OUTPUT FOR CROP GROWTH, YIELD, WATER BALANCE AND NITROGEN UPTAKE *** (components of water balance are cumulative values from  start of rotation to harvest date per crop)

Name of run: WARO1, Station= WAGE , Soil=   1, Rotat=   2, StYear= 1969, StDay=   1, NYEAR=   7, Runof= 0.00, CO2= 370.
 Wageningen, long rotation 2, soil1, current                                     


YEAR  CROP  IOPT  IRRI  MANA  PL   EMERG FLOW  HALT    WSO       TAGB   HI  PARAB  RUE   RD  WAV  WAVL  WAVLX  RAIN  ESOIL TRANS  DRAIN RUNOF  IRR     WUE  NUPT  NFIX    NLIV   NLOSS    NUE  TRANRF   NNI  
1969     1     1     1     1     0    20   163   217     8345.  16497. 0.51  789.  2.09  125.   98.    0.   37.  406.   98.   299.   63.    0.   40.  4.15  149.3    0.0  143.0   14.7  109.0   1.00   1.00
1970     2     1     1     1   100   117   176   290    11308.  18424. 0.61  671.  2.74  120.  176.    0.   45. 1253.  344.   552.  407.    0.  120.  3.70  250.3    0.0  121.6  128.8   89.2   1.00   1.00
1971     3     1     1     1   120   134   210   290     7856.  21729. 0.36  735.  2.96  100.   54.    0.   75. 1878.  512.   817.  729.    0.  159.  5.01  225.8    0.0  187.2   40.6  103.1   1.00   1.00
1972     4     1     1     1   100   131   148   260    12700.  17939. 0.71  839.  2.14   50.   63.    0.  150. 2554.  638.  1113.  952.    0.  212.  4.25  245.3    0.0  167.8   81.2   77.3   1.00   1.00
1972     5     1     1     1   270   277   142   192     4727.  14315. 0.33  913.  1.57  125.   97.    0.   37. 2977.  710.  1390. 1164.    0.  272.  4.10  119.6    0.0  105.1   25.8  112.9   1.00   1.00
1974     6     1     1     1    80    92   170   250     8667.  16894. 0.51  939.  1.80  100.  122.    0.   75. 3841.  861.  1702. 1512.    0.  282.  3.65   57.8  231.1  236.6   54.0   66.1   1.00   1.00
1975     1     1     1     1     0    20   167   222     8718.  17751. 0.49  881.  2.02  125.  116.    0.   37. 4719.  996.  1980. 2021.    0.  282.  4.31  159.1    0.0  150.9   16.5  108.5   1.00   1.00
1975                                                     8718.  17751. 0.49              125.  187.    0.   37. 4983. 1057.  1980. 2153.    0.  282.

 MEANS for   7 crops  :
                                96.  113.  168.  246.    8903.  17650. 0.50  824.  2.19  106.  104.    0.   65.  712.  151.   283.  308.    0.   40.  4.17  172.4   33.0  158.9   51.7   95.1   1.00   1.00

 MEANS over   7 years  :
                                96.  113.  168.  246.    8903.  17650. 0.50  824.  2.19  106.  104.    0.   65.  712.  151.   283.  308.    0.   40.  4.17  172.4   33.0  158.9   51.7   95.1   1.00   1.00



*** RESULTS OF CROP GROWTH MODEL LINTUL6 for rotations *** SUMMARY OF OUTPUT FOR CROP GROWTH, YIELD, WATER BALANCE AND NITROGEN UPTAKE *** (components of water balance are cumulative values from  start of rotation to harvest date per crop)

Name of run: WAR02, Station= WAGE , Soil=   1, Rotat=   3, StYear= 1969, StDay=   1, NYEAR=   7, Runof= 0.00, CO2= 370.
 Wageningen, long rotation 3, soil1, current                                     


YEAR  CROP  IOPT  IRRI  MANA  PL   EMERG FLOW  HALT    WSO       TAGB   HI  PARAB  RUE   RD  WAV  WAVL  WAVLX  RAIN  ESOIL TRANS  DRAIN RUNOF  IRR     WUE  NUPT  NFIX    NLIV   NLOSS    NUE  TRANRF   NNI  
1969     1     2     2     1     0    20   163   217     8345.  16497. 0.51  789.  2.09  125.  101.    0.   37.  406.   95.   299.   63.    0.   40.  4.19  149.3    0.0  143.0   14.7  109.0   1.00   1.00
1970     2     2     2     1   100   117   176   290    11267.  18292. 0.62  669.  2.73  120.  176.    0.   45. 1253.  324.   550.  408.    0.  100.  3.81  247.4    0.0  120.3  127.1   89.6   1.00   1.00
1971     3     2     2     1   120   134   210   290     7747.  20911. 0.37  703.  2.97  100.   75.    0.   75. 1878.  491.   803.  744.    0.  160.  4.97  211.9    0.0  176.2   37.8  104.4   0.99   1.00
1972     4     2     2     1   100   131   148   260    12659.  17899. 0.71  839.  2.13   50.   66.    0.  150. 2554.  613.  1098.  997.    0.  220.  4.30  244.8    0.0  167.3   81.2   77.3   1.00   1.00
1972     5     2     2     1   270   277   142   192     4727.  14315. 0.33  913.  1.57  125.   63.    0.   37. 2977.  679.  1375. 1213.    0.  240.  4.17  119.6    0.0  105.1   25.8  112.9   1.00   1.00
1974     6     2     2     1    80    92   170   250     8667.  16894. 0.51  939.  1.80  100.  150.    0.   75. 3841.  830.  1687. 1549.    0.  300.  3.65   57.8  231.1  236.6   54.0   66.1   1.00   1.00
1975     1     2     2     1     0    20   167   222     8718.  17751. 0.49  881.  2.02  125.  147.    0.   37. 4719.  965.  1965. 2095.    0.  340.  4.31  159.1    0.0  150.9   16.5  108.5   1.00   1.00
1975                                                     8718.  17751. 0.49              125.  187.    0.   37. 4983. 1029.  1965. 2265.    0.  350.

 MEANS for   7 crops  :
                                96.  113.  168.  246.    8876.  17508. 0.50  819.  2.19  106.  111.    0.   65.  712.  147.   281.  324.    0.   50.  4.20  170.0   33.0  157.1   51.0   95.4   1.00   1.00

 MEANS over   7 years  :
                                96.  113.  168.  246.    8876.  17508. 0.50  819.  2.19  106.  111.    0.   65.  712.  147.   281.  324.    0.   50.  4.20  170.0   33.0  157.1   51.0   95.4   1.00   1.00



*** RESULTS OF CROP GROWTH MODEL LINTUL6 for rotations *** SUMMARY OF OUTPUT FOR CROP GROWTH, YIELD, WATER BALANCE AND NITROGEN UPTAKE *** (components of water balance are cumulative values from  start of rotation to harvest date per crop)

Name of run: WARO3, Station= WAGE , Soil=   1, Rotat=   4, StYear= 1969, StDay=   1, NYEAR=   7, Runof= 0.00, CO2= 370.
 Wageningen, long rotation 4, soil1, current                                     


YEAR  CROP  IOPT  IRRI  MANA  PL   EMERG FLOW  HALT    WSO       TAGB   HI  PARAB  RUE   RD  WAV  WAVL  WAVLX  RAIN  ESOIL TRANS  DRAIN RUNOF  IRR     WUE  NUPT  NFIX    NLIV   NLOSS    NUE  TRANRF   NNI  
1969     1     3     0     2     0    20   163   217     6309.  13087. 0.48  672.  1.95  125.   78.    0.   37.  406.  123.   251.   65.    0.    0.  3.49  116.3    0.0  113.0   11.6  110.7   1.00   0.85
1970     2     3     0     2   100   117   176   273        0.      0. NaN     0. NaN    120.  180.    0.   45. 1227.  471.   339.  342.    0.    0.  0.00    0.0    0.0    0.0    0.0    0.0   1.00   0.69
1971     3     3     0     2   120   134   210   290     7106.  18712. 0.38  619.  3.02  100.   44.    0.   75. 1899.  697.   562.  671.    0.    0.  4.17  179.3    0.0  149.1   32.2  108.8   0.99   0.93
1972     4     3     0     2   100   131   148   260     9705.  14334. 0.68  760.  1.89   50.   68.    0.  150. 2575.  843.   830.  834.    0.    0.  3.46  198.0    0.0  131.1   70.6   76.2   1.00   0.61
1972     5     3     0     2   270   277   142   192     2705.   9589. 0.28  662.  1.45  125.   79.    0.   37. 2998.  953.  1025. 1053.    0.    0.  3.15   68.9    0.0   60.6   19.7  125.1   1.00   0.87
1974     6     3     0     2    80    92   170   250     5118.  12715. 0.40  821.  1.55  100.  124.    0.   75. 3861. 1185.  1299. 1328.    0.    0.  2.51   55.1  220.5  227.7   49.6   51.7   1.00   0.68
1975     1     3     0     2     0    20   167   222     7284.  15275. 0.48  792.  1.93  125.  126.    0.   37. 4739. 1372.  1547. 1807.    0.    0.  3.52  133.6    0.0  127.8   14.1  110.1   1.00   0.87
1975                                                     7284.  15275. 0.48              125.  188.    0.   37. 5004. 1451.  1547. 1932.    0.    0.

 MEANS for   7 crops  :
                                96.  113.  168.  243.    5461.  11959. NaN   618. NaN    106.  100.    0.   65.  715.  207.   221.  276.    0.    0.  2.90  107.3   31.5  115.6   28.3   83.2   1.00   0.79

 MEANS over   7 years  :
                                96.  113.  168.  243.    5461.  11959. NaN   618. NaN    106.  100.    0.   65.  715.  207.   221.  276.    0.    0.  2.90  107.3   31.5  115.6   28.3   83.2   1.00   0.79



*** RESULTS OF CROP GROWTH MODEL LINTUL6 for rotations *** SUMMARY OF OUTPUT FOR CROP GROWTH, YIELD, WATER BALANCE AND NITROGEN UPTAKE *** (components of water balance are cumulative values from  start of rotation to harvest date per crop)

Name of run: WARO4, Station= WAGE , Soil=   2, Rotat=   2, StYear= 1969, StDay=   1, NYEAR=   7, Runof= 0.10, CO2= 550.
 Wageningen, long rotation 2, soil2, future                                      


YEAR  CROP  IOPT  IRRI  MANA  PL   EMERG FLOW  HALT    WSO       TAGB   HI  PARAB  RUE   RD  WAV  WAVL  WAVLX  RAIN  ESOIL TRANS  DRAIN RUNOF  IRR     WUE  NUPT  NFIX    NLIV   NLOSS    NUE  TRANRF   NNI  
1969     1     1     1     1     0    20   152   206    10067.  18918. 0.53  768.  2.46  125.  151.    0.   55.  389.   76.   292.   32.   39.    0.  5.15  171.3    0.0  162.1   17.5  112.8   1.00   1.00
1970     2     1     1     1   100   114   169   261    12945.  21418. 0.60  666.  3.22  120.  228.    0.   66. 1216.  313.   560.  242.  122.   60.  4.24  288.4    0.0  145.6  142.9   90.8   1.00   1.00
1971     3     1     1     1   120   132   194   269     9978.  25579. 0.39  730.  3.51  100.   87.    0.  110. 1869.  466.   841.  500.  187.   67.  5.89  240.5    0.0  196.8   45.7  113.6   1.00   1.00
1972     4     1     1     1   100   126   141   240    13275.  18635. 0.71  761.  2.45   50.   88.    0.  220. 2518.  596.  1127.  596.  252.  106.  4.49  260.2    0.0  185.2   78.7   75.6   1.00   1.00
1972     5     1     1     1   270   276   129   180     5391.  18399. 0.29  922.  2.00  125.  162.    0.   55. 2969.  640.  1402.  774.  297.  106.  5.76  180.7    0.0  151.1   41.0  100.4   1.00   1.00
1974     6     1     1     1    80    90   159   238    10560.  20261. 0.52  918.  2.21  100.  105.    0.  110. 3768.  794.  1720. 1033.  377.  116.  4.29   68.7  274.9  280.4   64.9   66.5   1.00   1.00
1975     1     1     1     1     0    20   158   211    10351.  21341. 0.49  848.  2.52  125.  202.    0.   55. 4704.  932.  1988. 1427.  470.  116.  5.26  195.5    0.0  182.8   21.0  109.1   1.00   1.00
1975                                                    10351.  21341. 0.49              125.  275.    0.   55. 4979. 1015.  1988. 1519.  498.  116.

 MEANS for   7 crops  :
                                96.  111.  157.  229.   10367.  20650. 0.51  802.  2.62  106.  146.    0.   96.  711.  145.   284.  217.   71.   17.  5.01  200.7   39.3  186.3   58.8   95.5   1.00   1.00

 MEANS over   7 years  :
                                96.  111.  157.  229.   10367.  20650. 0.51  802.  2.62  106.  146.    0.   96.  711.  145.   284.  217.   71.   17.  5.01  200.7   39.3  186.3   58.8   95.5   1.00   1.00



*** RESULTS OF CROP GROWTH MODEL LINTUL6 for rotations *** SUMMARY OF OUTPUT FOR CROP GROWTH, YIELD, WATER BALANCE AND NITROGEN UPTAKE *** (components of water balance are cumulative values from  start of rotation to harvest date per crop)

Name of run: WARO5, Station= WAGE , Soil=   2, Rotat=   3, StYear= 1969, StDay=   1, NYEAR=   7, Runof= 0.10, CO2= 550.
 Wageningen, long rotation 3, soil2, future                                      


YEAR  CROP  IOPT  IRRI  MANA  PL   EMERG FLOW  HALT    WSO       TAGB   HI  PARAB  RUE   RD  WAV  WAVL  WAVLX  RAIN  ESOIL TRANS  DRAIN RUNOF  IRR     WUE  NUPT  NFIX    NLIV   NLOSS    NUE  TRANRF   NNI  
1969     1     2     2     1     0    20   152   206    10067.  18918. 0.53  768.  2.46  125.  186.    0.   55.  389.   81.   292.   32.   39.   40.  5.07  171.3    0.0  162.1   17.5  112.8   1.00   1.00
1970     2     2     2     1   100   114   169   261    12909.  21324. 0.61  665.  3.21  120.  234.    0.   66. 1216.  314.   559.  277.  122.  100.  4.27  286.5    0.0  144.6  141.9   91.0   1.00   1.00
1971     3     2     2     1   120   132   194   269     9967.  25488. 0.39  726.  3.51  100.  132.    0.  110. 1869.  466.   839.  550.  187.  160.  5.89  239.0    0.0  195.6   45.4  113.8   1.00   1.00
1972     4     2     2     1   100   126   141   240    13275.  18635. 0.71  761.  2.45   50.   98.    0.  220. 2518.  592.  1124.  707.  252.  220.  4.53  260.2    0.0  185.2   78.7   75.6   1.00   1.00
1972     5     2     2     1   270   276   129   180     5391.  18399. 0.29  922.  2.00  125.  175.    0.   55. 2969.  643.  1399.  894.  297.  240.  5.65  180.7    0.0  151.1   41.0  100.4   1.00   1.00
1974     6     2     2     1    80    90   159   238    10560.  20261. 0.52  918.  2.21  100.  155.    0.  110. 3768.  796.  1718. 1167.  377.  300.  4.29   68.7  274.9  280.4   64.9   66.5   1.00   1.00
1975     1     2     2     1     0    20   158   211    10351.  21341. 0.49  848.  2.52  125.  242.    0.   55. 4704.  935.  1986. 1611.  470.  340.  5.25  195.5    0.0  182.8   21.0  109.1   1.00   1.00
1975                                                    10351.  21341. 0.49              125.  275.    0.   55. 4979. 1019.  1986. 1742.  498.  340.

 MEANS for   7 crops  :
                                96.  111.  157.  229.   10360.  20624. 0.51  801.  2.62  106.  175.    0.   96.  711.  146.   284.  249.   71.   49.  4.99  200.3   39.3  186.0   58.6   95.6   1.00   1.00

 MEANS over   7 years  :
                                96.  111.  157.  229.   10360.  20624. 0.51  801.  2.62  106.  175.    0.   96.  711.  146.   284.  249.   71.   49.  4.99  200.3   39.3  186.0   58.6   95.6   1.00   1.00



*** RESULTS OF CROP GROWTH MODEL LINTUL6 for rotations *** SUMMARY OF OUTPUT FOR CROP GROWTH, YIELD, WATER BALANCE AND NITROGEN UPTAKE *** (components of water balance are cumulative values from  start of rotation to harvest date per crop)

Name of run: WARO6, Station= WAGE , Soil=   2, Rotat=   4, StYear= 1969, StDay=   1, NYEAR=   7, Runof= 0.10, CO2= 550.
 Wageningen, long rotation 4, soil2, future                                      


YEAR  CROP  IOPT  IRRI  MANA  PL   EMERG FLOW  HALT    WSO       TAGB   HI  PARAB  RUE   RD  WAV  WAVL  WAVLX  RAIN  ESOIL TRANS  DRAIN RUNOF  IRR     WUE  NUPT  NFIX    NLIV   NLOSS    NUE  TRANRF   NNI  
1969     1     3     0     2     0    20   152   206     5978.  11843. 0.50  562.  2.11  125.  176.    0.   55.  389.  133.   209.   32.   39.    0.  3.46  100.0    0.0   97.7   10.6  121.8   1.00   0.77
1970     2     3     0     2   100   114   169   257        0.      0. NaN     0. NaN    120.  227.    0.   66. 1192.  516.   305.  214.  119.    0.  0.00    0.0    0.0    0.0    0.0    0.0   1.01   0.66
1971     3     3     0     2   120   132   194   269     8747.  22824. 0.38  651.  3.51  100.   99.    0.  110. 1876.  737.   556.  442.  188.    0.  4.84  198.0    0.0  160.1   39.9  121.5   1.00   0.82
1972     4     3     0     2   100   126   141   240    10848.  15142. 0.72  675.  2.24   50.   73.    0.  220. 2525.  897.   809.  528.  252.    0.  3.66  198.0    0.0  142.2   59.5   79.8   1.00   0.62
1972     5     3     0     2   270   276   129   180     1854.   7886. 0.24  431.  1.83  125.  213.    0.   55. 2976. 1039.   933.  694.  298.    0.  2.97   57.5    0.0   49.4   19.5  120.4   1.00   0.76
1974     6     3     0     2    80    90   159   238     6510.  15545. 0.42  797.  1.95  100.  112.    0.  110. 3775. 1315.  1210.  906.  378.    0.  2.81   66.0  263.8  271.7   59.8   52.7   1.00   0.65
1975     1     3     0     2     0    20   158   211     7316.  15206. 0.48  686.  2.22  125.  216.    0.   55. 4711. 1536.  1423. 1265.  471.    0.  3.50  128.6    0.0  123.5   13.5  117.6   1.00   0.80
1975                                                     7316.  15206. 0.48              125.  275.    0.   55. 4987. 1653.  1423. 1337.  499.    0.

 MEANS for   7 crops  :
                                96.  111.  157.  229.    5893.  12635. NaN   543. NaN    106.  160.    0.   96.  712.  236.   203.  191.   71.    0.  3.04  106.9   37.7  120.7   29.0   87.7   1.00   0.72

 MEANS over   7 years  :
                                96.  111.  157.  229.    5893.  12635. NaN   543. NaN    106.  160.    0.   96.  712.  236.   203.  191.   71.    0.  3.04  106.9   37.7  120.7   29.0   87.7   1.00   0.72
