


*** RESULTS OF CROP GROWTH MODEL LINTUL6 for rotations *** SUMMARY OF OUTPUT FOR CROP GROWTH, YIELD, WATER BALANCE AND NITROGEN UPTAKE *** (components of water balance are cumulative values from  start of rotation to harvest date per crop)

Name of run: WARO1, Station= WAGE , Soil=   1, Rotat=   2, StYear= 1969, StDay=   1, NYEAR=   7, Runof= 0.00, CO2= 370.
 Wageningen, long rotation 2, soil1, current                                     


YEAR  CROP  IOPT  IRRI  MANA  PL   EMERG FLOW  HALT    WSO       TAGB   HI  PARAB  RUE   RD  WAV  WAVL  WAVLX  RAIN  ESOIL TRANS  DRAIN RUNOF  IRR     WUE  NUPT  NFIX    NLIV   NLOSS    NUE  TRANRF   NNI  
1969     1     1     1     1     0    20   163   217     8345.  16497. 0.51  789.  2.09  125.  106.    0.   37.  406.  120.   265.   67.    0.   40.  4.28  149.3    0.0  143.0   14.7  109.0   1.00   1.00
1970     2     1     1     1   100   117   176   290    11308.  18424. 0.61  671.  2.74  120.  176.   -0.   45. 1253.  397.   491.  413.    0.  120.  3.66  250.3    0.0  121.6  128.8   89.2   1.00   1.00
1971     3     1     1     1   120   134   210   290     7856.  21729. 0.36  735.  2.96  100.   62.    0.   75. 1878.  589.   730.  732.    0.  159.  5.05  225.8    0.0  187.2   40.6  103.1   1.00   1.00
1972     4     1     1     1   100   131   148   260    12700.  17939. 0.71  839.  2.14   50.   65.   -0.  150. 2554.  725.  1018.  964.    0.  218.  4.23  245.3    0.0  167.8   81.2   77.3   1.00   1.00
1972     5     1     1     1   270   277   142   192     4727.  14315. 0.33  913.  1.57  125.   87.    0.   37. 2977.  818.  1262. 1181.    0.  258.  4.25  119.6    0.0  105.1   25.8  112.9   1.00   1.00
1974     6     1     1     1    80    92   170   250     8667.  16894. 0.51  939.  1.80  100.  129.    0.   75. 3841.  999.  1555. 1501.    0.  268.  3.56   57.8  231.1  236.6   54.0   66.1   1.00   1.00
1975     1     1     1     1     0    20   167   222     8718.  17751. 0.49  881.  2.02  125.  123.   -0.   37. 4719. 1165.  1802. 2009.    0.  268.  4.29  159.1    0.0  150.9   16.5  108.5   1.00   1.00
1975                                                     8718.  17751. 0.49              125.  187.   -0.   37. 4983. 1235.  1802. 2140.    0.  268.

 MEANS for   7 crops  :
                                96.  113.  168.  246.    8903.  17650. 0.50  824.  2.19  106.  107.    0.   65.  712.  176.   257.  306.    0.   38.  4.19  172.4   33.0  158.9   51.7   95.1   1.00   1.00

 MEANS over   7 years  :
                                96.  113.  168.  246.    8903.  17650. 0.50  824.  2.19  106.  107.    0.   65.  712.  176.   257.  306.    0.   38.  4.19  172.4   33.0  158.9   51.7   95.1   1.00   1.00



*** RESULTS OF CROP GROWTH MODEL LINTUL6 for rotations *** SUMMARY OF OUTPUT FOR CROP GROWTH, YIELD, WATER BALANCE AND NITROGEN UPTAKE *** (components of water balance are cumulative values from  start of rotation to harvest date per crop)

Name of run: WAR02, Station= WAGE , Soil=   1, Rotat=   3, StYear= 1969, StDay=   1, NYEAR=   7, Runof= 0.00, CO2= 370.
 Wageningen, long rotation 3, soil1, current                                     


YEAR  CROP  IOPT  IRRI  MANA  PL   EMERG FLOW  HALT    WSO       TAGB   HI  PARAB  RUE   RD  WAV  WAVL  WAVLX  RAIN  ESOIL TRANS  DRAIN RUNOF  IRR     WUE  NUPT  NFIX    NLIV   NLOSS    NUE  TRANRF   NNI  
1969     1     2     2     1     0    20   163   217     8345.  16497. 0.51  789.  2.09  125.  107.    0.   37.  406.  119.   265.   67.    0.   40.  4.30  149.3    0.0  143.0   14.7  109.0   1.00   1.00
1970     2     2     2     1   100   117   176   290    11282.  18340. 0.62  670.  2.74  120.  176.   -0.   45. 1253.  378.   490.  414.    0.  100.  3.79  248.5    0.0  120.8  127.7   89.5   1.00   1.00
1971     3     2     2     1   120   134   210   290     7748.  20914. 0.37  703.  2.97  100.   83.    0.   75. 1878.  569.   716.  745.    0.  160.  5.02  212.0    0.0  176.2   37.8  104.4   0.99   1.00
1972     4     2     2     1   100   131   148   260    12663.  17902. 0.71  839.  2.13   50.   68.   -0.  150. 2554.  702.  1003. 1002.    0.  220.  4.27  244.9    0.0  167.4   81.2   77.3   1.00   1.00
1972     5     2     2     1   270   277   142   192     4727.  14315. 0.33  913.  1.57  125.   72.   -0.   37. 2977.  790.  1246. 1222.    0.  240.  4.31  119.6    0.0  105.1   25.8  112.9   1.00   1.00
1974     6     2     2     1    80    92   170   250     8667.  16894. 0.51  939.  1.80  100.  150.    0.   75. 3841.  971.  1540. 1556.    0.  300.  3.56   57.8  231.1  236.6   54.0   66.1   1.00   1.00
1975     1     2     2     1     0    20   167   222     8718.  17751. 0.49  881.  2.02  125.  149.   -0.   37. 4719. 1138.  1786. 2098.    0.  340.  4.29  159.1    0.0  150.9   16.5  108.5   1.00   1.00
1975                                                     8718.  17751. 0.49              125.  187.   -0.   37. 4983. 1211.  1786. 2261.    0.  350.

 MEANS for   7 crops  :
                                96.  113.  168.  246.    8879.  17516. 0.50  819.  2.19  106.  115.    0.   65.  712.  173.   255.  323.    0.   50.  4.22  170.2   33.0  157.2   51.1   95.4   1.00   1.00

 MEANS over   7 years  :
                                96.  113.  168.  246.    8879.  17516. 0.50  819.  2.19  106.  115.    0.   65.  712.  173.   255.  323.    0.   50.  4.22  170.2   33.0  157.2   51.1   95.4   1.00   1.00



*** RESULTS OF CROP GROWTH MODEL LINTUL6 for rotations *** SUMMARY OF OUTPUT FOR CROP GROWTH, YIELD, WATER BALANCE AND NITROGEN UPTAKE *** (components of water balance are cumulative values from  start of rotation to harvest date per crop)

Name of run: WARO3, Station= WAGE , Soil=   1, Rotat=   4, StYear= 1969, StDay=   1, NYEAR=   7, Runof= 0.00, CO2= 370.
 Wageningen, long rotation 4, soil1, current                                     


YEAR  CROP  IOPT  IRRI  MANA  PL   EMERG FLOW  HALT    WSO       TAGB   HI  PARAB  RUE   RD  WAV  WAVL  WAVLX  RAIN  ESOIL TRANS  DRAIN RUNOF  IRR     WUE  NUPT  NFIX    NLIV   NLOSS    NUE  TRANRF   NNI  
1969     1     3     0     2     0    20   163   217     6309.  13087. 0.48  672.  1.95  125.   85.    0.   37.  406.  149.   214.   70.    0.    0.  3.60  116.3    0.0  113.0   11.6  110.7   1.00   0.85
1970     2     3     0     2   100   117   176   273        0.      0.  NaN    0.   NaN  120.  180.   -0.   45. 1227.  515.   284.  353.    0.    0.  0.00    0.0    0.0    0.0    0.0   -0.0   1.00   0.69
1971     3     3     0     2   120   134   210   290     7108.  18717. 0.38  619.  3.02  100.   53.    0.   75. 1899.  759.   478.  683.    0.    0.  4.26  179.3    0.0  149.2   32.2  108.8   0.99   0.93
1972     4     3     0     2   100   131   148   260     9706.  14335. 0.68  760.  1.89   50.   71.   -0.  150. 2575.  919.   734.  851.    0.    0.  3.45  198.0    0.0  131.1   70.6   76.2   1.00   0.61
1972     5     3     0     2   270   277   142   192     2705.   9589. 0.28  662.  1.45  125.   90.    0.   37. 2998. 1049.   895. 1076.    0.    0.  3.29   68.9    0.0   60.6   19.7  125.1   1.00   0.87
1974     6     3     0     2    80    92   170   250     5118.  12715. 0.40  821.  1.55  100.  132.    0.   75. 3861. 1304.  1148. 1353.    0.    0.  2.50   55.1  220.5  227.7   49.6   51.7   1.00   0.68
1975     1     3     0     2     0    20   167   222     7284.  15275. 0.48  792.  1.93  125.  133.   -0.   37. 4739. 1519.  1363. 1836.    0.    0.  3.55  133.6    0.0  127.8   14.1  110.1   1.00   0.87
1975                                                     7284.  15275. 0.48              125.  187.   -0.   37. 5004. 1603.  1363. 1964.    0.    0.

 MEANS for   7 crops  :
                                96.  113.  168.  243.    5461.  11960.  NaN  618.   NaN  106.  106.    0.   65.  715.  229.   195.  281.    0.    0.  2.95  107.3   31.5  115.6   28.3   83.2   1.00   0.79

 MEANS over   7 years  :
                                96.  113.  168.  243.    5461.  11960.  NaN  618.   NaN  106.  106.    0.   65.  715.  229.   195.  281.    0.    0.  2.95  107.3   31.5  115.6   28.3   83.2   1.00   0.79



*** RESULTS OF CROP GROWTH MODEL LINTUL6 for rotations *** SUMMARY OF OUTPUT FOR CROP GROWTH, YIELD, WATER BALANCE AND NITROGEN UPTAKE *** (components of water balance are cumulative values from  start of rotation to harvest date per crop)

Name of run: WARO4, Station= WAGE , Soil=   2, Rotat=   2, StYear= 1969, StDay=   1, NYEAR=   7, Runof= 0.10, CO2= 550.
 Wageningen, long rotation 2, soil2, future                                      


YEAR  CROP  IOPT  IRRI  MANA  PL   EMERG FLOW  HALT    WSO       TAGB   HI  PARAB  RUE   RD  WAV  WAVL  WAVLX  RAIN  ESOIL TRANS  DRAIN RUNOF  IRR     WUE  NUPT  NFIX    NLIV   NLOSS    NUE  TRANRF   NNI  
1969     1     1     1     1     0    20   152   206    10067.  18918. 0.53  768.  2.46  125.  158.    0.   55.  389.   97.   260.   34.   39.    0.  5.29  171.3    0.0  162.1   17.5  112.8   1.00   1.00
1970     2     1     1     1   100   114   169   261    12945.  21418. 0.60  666.  3.22  120.  237.    0.   66. 1216.  368.   503.  236.  122.   60.  4.18  288.4    0.0  145.6  142.9   90.8   1.00   1.00
1971     3     1     1     1   120   132   194   269     9978.  25579. 0.39  730.  3.51  100.   97.    0.  110. 1869.  547.   758.  492.  187.   68.  5.89  240.5    0.0  196.8   45.7  113.6   1.00   1.00
1972     4     1     1     1   100   126   141   240    13275.  18635. 0.71  761.  2.45   50.   90.   -0.  220. 2518.  690.  1036.  603.  252.  117.  4.44  260.2    0.0  185.2   78.7   75.6   1.00   1.00
1972     5     1     1     1   270   276   129   180     5391.  18399. 0.29  922.  2.00  125.  170.    0.   55. 2969.  752.  1284.  782.  297.  117.  5.91  180.7    0.0  151.1   41.0  100.4   1.00   1.00
1974     6     1     1     1    80    90   159   238    10560.  20261. 0.52  918.  2.21  100.  113.    0.  110. 3768.  939.  1584. 1027.  377.  127.  4.16   68.7  274.9  280.4   64.9   66.5   1.00   1.00
1975     1     1     1     1     0    20   158   211    10351.  21341. 0.49  848.  2.52  125.  208.    0.   55. 4704. 1111.  1825. 1418.  470.  127.  5.18  195.5    0.0  182.8   21.0  109.1   1.00   1.00
1975                                                    10351.  21341. 0.49              125.  275.    0.   55. 4979. 1205.  1825. 1504.  498.  127.

 MEANS for   7 crops  :
                                96.  111.  157.  229.   10367.  20650. 0.51  802.  2.62  106.  153.    0.   96.  711.  172.   261.  215.   71.   18.  5.00  200.7   39.3  186.3   58.8   95.5   1.00   1.00

 MEANS over   7 years  :
                                96.  111.  157.  229.   10367.  20650. 0.51  802.  2.62  106.  153.    0.   96.  711.  172.   261.  215.   71.   18.  5.00  200.7   39.3  186.3   58.8   95.5   1.00   1.00



*** RESULTS OF CROP GROWTH MODEL LINTUL6 for rotations *** SUMMARY OF OUTPUT FOR CROP GROWTH, YIELD, WATER BALANCE AND NITROGEN UPTAKE *** (components of water balance are cumulative values from  start of rotation to harvest date per crop)

Name of run: WARO5, Station= WAGE , Soil=   2, Rotat=   3, StYear= 1969, StDay=   1, NYEAR=   7, Runof= 0.10, CO2= 550.
 Wageningen, long rotation 3, soil2, future                                      


YEAR  CROP  IOPT  IRRI  MANA  PL   EMERG FLOW  HALT    WSO       TAGB   HI  PARAB  RUE   RD  WAV  WAVL  WAVLX  RAIN  ESOIL TRANS  DRAIN RUNOF  IRR     WUE  NUPT  NFIX    NLIV   NLOSS    NUE  TRANRF   NNI  
1969     1     2     2     1     0    20   152   206    10067.  18918. 0.53  768.  2.46  125.  192.    0.   55.  389.  104.   260.   34.   39.   40.  5.19  171.3    0.0  162.1   17.5  112.8   1.00   1.00
1970     2     2     2     1   100   114   169   261    12931.  21382. 0.60  665.  3.21  120.  243.    0.   66. 1216.  369.   502.  269.  122.  100.  4.22  287.7    0.0  145.2  142.5   90.9   1.00   1.00
1971     3     2     2     1   120   132   194   269     9957.  25407. 0.39  724.  3.51  100.  140.    0.  110. 1869.  548.   755.  544.  187.  160.  5.88  237.6    0.0  194.6   45.1  113.9   1.00   1.00
1972     4     2     2     1   100   126   141   240    13275.  18626. 0.71  761.  2.45   50.   99.   -0.  220. 2518.  687.  1033.  703.  252.  220.  4.48  259.9    0.0  185.1   78.5   75.6   1.00   1.00
1972     5     2     2     1   270   276   129   180     5391.  18399. 0.29  922.  2.00  125.  182.    0.   55. 2969.  758.  1281.  891.  297.  240.  5.75  180.7    0.0  151.1   41.0  100.4   1.00   1.00
1974     6     2     2     1    80    90   159   238    10560.  20261. 0.52  918.  2.21  100.  163.    0.  110. 3768.  945.  1581. 1147.  377.  300.  4.16   68.7  274.9  280.4   64.9   66.5   1.00   1.00
1975     1     2     2     1     0    20   158   211    10351.  21341. 0.49  848.  2.52  125.  247.    0.   55. 4704. 1118.  1822. 1587.  470.  340.  5.17  195.5    0.0  182.8   21.0  109.1   1.00   1.00
1975                                                    10351.  21341. 0.49              125.  275.    0.   55. 4979. 1212.  1822. 1712.  498.  340.

 MEANS for   7 crops  :
                                96.  111.  157.  229.   10362.  20619. 0.51  801.  2.62  106.  181.    0.   96.  711.  173.   260.  245.   71.   49.  4.98  200.2   39.3  185.9   58.7   95.6   1.00   1.00

 MEANS over   7 years  :
                                96.  111.  157.  229.   10362.  20619. 0.51  801.  2.62  106.  181.    0.   96.  711.  173.   260.  245.   71.   49.  4.98  200.2   39.3  185.9   58.7   95.6   1.00   1.00



*** RESULTS OF CROP GROWTH MODEL LINTUL6 for rotations *** SUMMARY OF OUTPUT FOR CROP GROWTH, YIELD, WATER BALANCE AND NITROGEN UPTAKE *** (components of water balance are cumulative values from  start of rotation to harvest date per crop)

Name of run: WARO6, Station= WAGE , Soil=   2, Rotat=   4, StYear= 1969, StDay=   1, NYEAR=   7, Runof= 0.10, CO2= 550.
 Wageningen, long rotation 4, soil2, future                                      


YEAR  CROP  IOPT  IRRI  MANA  PL   EMERG FLOW  HALT    WSO       TAGB   HI  PARAB  RUE   RD  WAV  WAVL  WAVLX  RAIN  ESOIL TRANS  DRAIN RUNOF  IRR     WUE  NUPT  NFIX    NLIV   NLOSS    NUE  TRANRF   NNI  
1969     1     3     0     2     0    20   152   206     5978.  11843. 0.50  562.  2.11  125.  184.    0.   55.  389.  157.   174.   35.   39.    0.  3.58  100.0    0.0   97.7   10.6  121.8   1.00   0.77
1970     2     3     0     2   100   114   169   257        0.      0.  NaN    0.   NaN  120.  234.    0.   66. 1192.  559.   250.  219.  119.    0.  0.00    0.0    0.0    0.0    0.0   -0.0   1.01   0.66
1971     3     3     0     2   120   132   194   269     8772.  22758. 0.39  648.  3.51  100.  107.    0.  110. 1876.  799.   472.  455.  188.    0.  4.92  198.0    0.0  160.5   39.6  120.9   1.00   0.82
1972     4     3     0     2   100   126   141   240    10853.  15143. 0.72  674.  2.25   50.   77.   -0.  220. 2525.  973.   713.  545.  252.    0.  3.66  198.0    0.0  142.3   59.4   79.8   1.00   0.62
1972     5     3     0     2   270   276   129   180     1854.   7886. 0.24  431.  1.83  125.  220.   -0.   55. 2976. 1133.   811.  715.  298.    0.  3.05   57.5    0.0   49.4   19.5  120.4   1.00   0.76
1974     6     3     0     2    80    90   159   238     6510.  15545. 0.42  797.  1.95  100.  121.    0.  110. 3775. 1427.  1069.  927.  378.    0.  2.82   66.0  263.8  271.7   59.8   52.7   1.00   0.65
1975     1     3     0     2     0    20   158   211     7316.  15206. 0.48  686.  2.22  125.  224.    0.   55. 4711. 1677.  1250. 1289.  471.    0.  3.52  128.6    0.0  123.5   13.5  117.6   1.00   0.80
1975                                                     7316.  15206. 0.48              125.  275.    0.   55. 4987. 1799.  1250. 1364.  499.    0.

 MEANS for   7 crops  :
                                96.  111.  157.  229.    5897.  12626.  NaN  543.   NaN  106.  167.    0.   96.  712.  257.   179.  195.   71.    0.  3.08  106.9   37.7  120.7   28.9   87.6   1.00   0.72

 MEANS over   7 years  :
                                96.  111.  157.  229.    5897.  12626.  NaN  543.   NaN  106.  167.    0.   96.  712.  257.   179.  195.   71.    0.  3.08  106.9   37.7  120.7   28.9   87.6   1.00   0.72
